X: 0
Y: 0
Updated Y: 10
Point: (0, 10)
Point as XYDim: (0, 10)
