a elements: 4, 5, 0
ar elements: 2, 3, 0
amodel elements: 42, 89, 3
