value: 10
value: 15
the sum is: 25
adding two cons 10, 1
adding two cons 15, 2
bananavalue from add_all: 11
value from add_all: 17
cculopoli
