\z. \s. (s (s (s (s (s (s (s (s (s (s (s (s (s (s (s (s (s (s (s (s (s (s (s (s (s (s (s (s (s (s z))))))))))))))))))))))))))))))))
